ENSMUSG00000119695.1
ENSMUSG00000119706.1
ENSMUSG00000119743.1
ENSMUSG00000064906.3
ENSMUSG00000119546.1
ENSMUSG00000118708.1
ENSMUSG00000118681.1
ENSMUSG00000065887.2
ENSMUSG00000064554.3
ENSMUSG00000064515.3
ENSMUSG00000119216.1
ENSMUSG00000119136.1
ENSMUSG00000119639.1
ENSMUSG00000119844.1
ENSMUSG00000119714.1
ENSMUSG00000119920.1
ENSMUSG00000118922.1
ENSMUSG00000118725.1
ENSMUSG00000118907.1
ENSMUSG00000119730.1
ENSMUSG00000119204.1
ENSMUSG00000119451.1
ENSMUSG00000119440.1
ENSMUSG00000118798.1
ENSMUSG00000119009.1
ENSMUSG00000119767.1
ENSMUSG00000119523.1
ENSMUSG00000119175.1
ENSMUSG00000119399.1
ENSMUSG00000119748.1
ENSMUSG00000119210.1
ENSMUSG00000118860.1
ENSMUSG00000119430.1
ENSMUSG00000118867.1
ENSMUSG00000119919.1
ENSMUSG00000119118.1
ENSMUSG00000119521.1
ENSMUSG00000119299.1
ENSMUSG00000119904.1
ENSMUSG00000119012.1
ENSMUSG00000118717.1
ENSMUSG00001118664.1
ENSMUSG00000118910.1
ENSMUSG00000119562.1
ENSMUSG00000119002.1
ENSMUSG00000119493.1
ENSMUSG00000119324.1
ENSMUSG00000119587.1
ENSMUSG00000119280.1
ENSMUSG00000118945.1
ENSMUSG00000119925.1
ENSMUSG00000118796.1
ENSMUSG00000119762.1
ENSMUSG00000118747.1
ENSMUSG00000119615.1
ENSMUSG00000118920.1
ENSMUSG00000119038.1
ENSMUSG00000119414.1
ENSMUSG00000119561.1
ENSMUSG00000119014.1
ENSMUSG00000118870.1
ENSMUSG00000118727.1
ENSMUSG00000119808.1
ENSMUSG00000119181.1
ENSMUSG00000065387.3
ENSMUSG00000119155.1
ENSMUSG00000065107.3
ENSMUSG00000119822.1
ENSMUSG00000119837.1
ENSMUSG00000119139.1
ENSMUSG00000118897.1
ENSMUSG00000119481.1
ENSMUSG00000064548.3
ENSMUSG00000064959.3
ENSMUSG00000070225.3
ENSMUSG00000119584.1
ENSMUSG00000064748.3
ENSMUSG00000064857.3
ENSMUSG00000118952.1
ENSMUSG00000119205.1
ENSMUSG00000065689.3
ENSMUSG00000119032.1
ENSMUSG00000118781.1
ENSMUSG00000075874.2
ENSMUSG00000119695.1-I
ENSMUSG00000119706.1-I
ENSMUSG00000119743.1-I
ENSMUSG00000064906.3-I
ENSMUSG00000119546.1-I
ENSMUSG00000118708.1-I
ENSMUSG00000118681.1-I
ENSMUSG00000065887.2-I
ENSMUSG00000064554.3-I
ENSMUSG00000064515.3-I
ENSMUSG00000119216.1-I
ENSMUSG00000119136.1-I
ENSMUSG00000119639.1-I
ENSMUSG00000119844.1-I
ENSMUSG00000119714.1-I
ENSMUSG00000119920.1-I
ENSMUSG00000118922.1-I
ENSMUSG00000118725.1-I
ENSMUSG00000118907.1-I
ENSMUSG00000119730.1-I
ENSMUSG00000119204.1-I
ENSMUSG00000119451.1-I
ENSMUSG00000119440.1-I
ENSMUSG00000118798.1-I
ENSMUSG00000119009.1-I
ENSMUSG00000119767.1-I
ENSMUSG00000119523.1-I
ENSMUSG00000119175.1-I
ENSMUSG00000119399.1-I
ENSMUSG00000119748.1-I
ENSMUSG00000119210.1-I
ENSMUSG00000118860.1-I
ENSMUSG00000119430.1-I
ENSMUSG00000118867.1-I
ENSMUSG00000119919.1-I
ENSMUSG00000119118.1-I
ENSMUSG00000119521.1-I
ENSMUSG00000119299.1-I
ENSMUSG00000119904.1-I
ENSMUSG00000119012.1-I
ENSMUSG00000118717.1-I
ENSMUSG00001118664.1-I
ENSMUSG00000118910.1-I
ENSMUSG00000119562.1-I
ENSMUSG00000119002.1-I
ENSMUSG00000119493.1-I
ENSMUSG00000119324.1-I
ENSMUSG00000119587.1-I
ENSMUSG00000119280.1-I
ENSMUSG00000118945.1-I
ENSMUSG00000119925.1-I
ENSMUSG00000118796.1-I
ENSMUSG00000119762.1-I
ENSMUSG00000118747.1-I
ENSMUSG00000119615.1-I
ENSMUSG00000118920.1-I
ENSMUSG00000119038.1-I
ENSMUSG00000119414.1-I
ENSMUSG00000119561.1-I
ENSMUSG00000119014.1-I
ENSMUSG00000118870.1-I
ENSMUSG00000118727.1-I
ENSMUSG00000119808.1-I
ENSMUSG00000119181.1-I
ENSMUSG00000065387.3-I
ENSMUSG00000119155.1-I
ENSMUSG00000065107.3-I
ENSMUSG00000119822.1-I
ENSMUSG00000119837.1-I
ENSMUSG00000119139.1-I
ENSMUSG00000118897.1-I
ENSMUSG00000119481.1-I
ENSMUSG00000064548.3-I
ENSMUSG00000064959.3-I
ENSMUSG00000070225.3-I
ENSMUSG00000119584.1-I
ENSMUSG00000064748.3-I
ENSMUSG00000064857.3-I
ENSMUSG00000118952.1-I
ENSMUSG00000119205.1-I
ENSMUSG00000065689.3-I
ENSMUSG00000119032.1-I
ENSMUSG00000118781.1-I
ENSMUSG00000075874.2-I
