# Created: Thu Feb 03 16:58:48 UTC 2022 by bhill@broadinstitute.org
# Job: 84488    server:  https://beta.genepattern.org/gp/
# Module: PreprocessVelocityTranscriptome urn:lsid:genepattern.org:module.analysis:00424:0.1.7
# Parameters: 
#    GTF = https://ftp.ebi.ac.uk/pub/databases/gencode/Gencode_mouse/release_M26/gencode.vM26.primary_assembly.annotation.gtf.gz
#    Genome.FASTA = ftp://ftp.ebi.ac.uk/pub/databases/gencode/Gencode_mouse/release_M26/GRCm39.primary_assembly.genome.fa.gz
#    Insert.Size = 98
#    Intron.Flank.Trim = 5
#    Intron.Extraction = separate
#    Join.Overlapping.Introns = True
